[INFO] Scanning for projects...
[INFO] 
[INFO] ----------------------< com.takima:back-skeleton >----------------------
[INFO] Building back-skeleton 0.0.1-SNAPSHOT
[INFO]   from pom.xml
[INFO] --------------------------------[ jar ]---------------------------------
[INFO] 
[INFO] >>> spring-boot:3.1.3:run (default-cli) > test-compile @ back-skeleton >>>
[INFO] 
[INFO] --- resources:3.3.1:resources (default-resources) @ back-skeleton ---
[INFO] Copying 1 resource from src\main\resources to target\classes
[INFO] Copying 0 resource from src\main\resources to target\classes
[INFO] 
[INFO] --- compiler:3.11.0:compile (default-compile) @ back-skeleton ---
[INFO] Nothing to compile - all classes are up to date
[INFO] 
[INFO] --- resources:3.3.1:testResources (default-testResources) @ back-skeleton ---
[INFO] skip non existing resourceDirectory C:\Users\Gab\IdeaProjects\backend-cds\be-cds\src\test\resources
[INFO] 
[INFO] --- compiler:3.11.0:testCompile (default-testCompile) @ back-skeleton ---
[INFO] Nothing to compile - all classes are up to date
[INFO] 
[INFO] <<< spring-boot:3.1.3:run (default-cli) < test-compile @ back-skeleton <<<
[INFO] 
[INFO] 
[INFO] --- spring-boot:3.1.3:run (default-cli) @ back-skeleton ---
[INFO] Attaching agents: []

  .   ____          _            __ _ _
 /\\ / ___'_ __ _ _(_)_ __  __ _ \ \ \ \
( ( )\___ | '_ | '_| | '_ \/ _` | \ \ \ \
 \\/  ___)| |_)| | | | | || (_| |  ) ) ) )
  '  |____| .__|_| |_|_| |_\__, | / / / /
 =========|_|==============|___/=/_/_/_/
 :: Spring Boot ::                (v3.1.3)

2026-10-06T16:03:41.857+02:00  INFO 1564 --- [           main] c.t.b.BackSkeletonApplication            : Starting BackSkeletonApplication using Java 21.0.12.1 with PID 1564 (C:\Users\Gab\IdeaProjects\backend-cds\be-cds\target\classes started by Gab in C:\Users\Gab\IdeaProjects\backend-cds\be-cds)
2026-10-06T16:03:41.860+02:00  INFO 1564 --- [           main] c.t.b.BackSkeletonApplication            : No active profile set, falling back to 1 default profile: "default"
2026-10-06T16:03:42.437+02:00  INFO 1564 --- [           main] .s.d.r.c.RepositoryConfigurationDelegate : Bootstrapping Spring Data JPA repositories in DEFAULT mode.
2026-10-06T16:03:42.486+02:00  INFO 1564 --- [           main] .s.d.r.c.RepositoryConfigurationDelegate : Finished Spring Data repository scanning in 43 ms. Found 2 JPA repository interfaces.
2026-10-06T16:03:42.930+02:00  INFO 1564 --- [           main] o.s.b.w.embedded.tomcat.TomcatWebServer  : Tomcat initialized with port(s): 8080 (http)
2026-10-06T16:03:42.941+02:00  INFO 1564 --- [           main] o.apache.catalina.core.StandardService   : Starting service [Tomcat]
2026-10-06T16:03:42.941+02:00  INFO 1564 --- [           main] o.apache.catalina.core.StandardEngine    : Starting Servlet engine: [Apache Tomcat/10.1.12]
2026-10-06T16:03:43.049+02:00  INFO 1564 --- [           main] o.a.c.c.C.[Tomcat].[localhost].[/]       : Initializing Spring embedded WebApplicationContext
2026-10-06T16:03:43.050+02:00  INFO 1564 --- [           main] w.s.c.ServletWebServerApplicationContext : Root WebApplicationContext: initialization completed in 1152 ms
2026-10-06T16:03:43.150+02:00  INFO 1564 --- [           main] com.zaxxer.hikari.HikariDataSource       : HikariPool-1 - Starting...
2026-10-06T16:03:43.309+02:00  INFO 1564 --- [           main] com.zaxxer.hikari.pool.HikariPool        : HikariPool-1 - Added connection org.postgresql.jdbc.PgConnection@6418e39e
2026-10-06T16:03:43.311+02:00  INFO 1564 --- [           main] com.zaxxer.hikari.HikariDataSource       : HikariPool-1 - Start completed.
2026-10-06T16:03:43.349+02:00  INFO 1564 --- [           main] o.hibernate.jpa.internal.util.LogHelper  : HHH000204: Processing PersistenceUnitInfo [name: default]
2026-10-06T16:03:43.406+02:00  INFO 1564 --- [           main] org.hibernate.Version                    : HHH000412: Hibernate ORM core version 6.2.7.Final
2026-10-06T16:03:43.408+02:00  INFO 1564 --- [           main] org.hibernate.cfg.Environment            : HHH000406: Using bytecode reflection optimizer
2026-10-06T16:03:43.540+02:00  INFO 1564 --- [           main] o.h.b.i.BytecodeProviderInitiator        : HHH000021: Bytecode provider name : bytebuddy
2026-10-06T16:03:43.664+02:00  INFO 1564 --- [           main] o.s.o.j.p.SpringPersistenceUnitInfo      : No LoadTimeWeaver setup: ignoring JPA class transformer
2026-10-06T16:03:43.901+02:00  INFO 1564 --- [           main] o.h.b.i.BytecodeProviderInitiator        : HHH000021: Bytecode provider name : bytebuddy
2026-10-06T16:03:44.485+02:00  INFO 1564 --- [           main] o.h.e.t.j.p.i.JtaPlatformInitiator       : HHH000490: Using JtaPlatform implementation: [org.hibernate.engine.transaction.jta.platform.internal.NoJtaPlatform]
2026-10-06T16:03:44.487+02:00  INFO 1564 --- [           main] j.LocalContainerEntityManagerFactoryBean : Initialized JPA EntityManagerFactory for persistence unit 'default'
2026-10-06T16:03:44.813+02:00  WARN 1564 --- [           main] JpaBaseConfiguration$JpaWebConfiguration : spring.jpa.open-in-view is enabled by default. Therefore, database queries may be performed during view rendering. Explicitly configure spring.jpa.open-in-view to disable this warning
2026-10-06T16:03:45.100+02:00  INFO 1564 --- [           main] o.s.b.w.embedded.tomcat.TomcatWebServer  : Tomcat started on port(s): 8080 (http) with context path ''
2026-10-06T16:03:45.106+02:00  INFO 1564 --- [           main] c.t.b.BackSkeletonApplication            : Started BackSkeletonApplication in 3.59 seconds (process running for 3.915)
2026-10-06T16:03:57.581+02:00  INFO 1564 --- [nio-8080-exec-1] o.a.c.c.C.[Tomcat].[localhost].[/]       : Initializing Spring DispatcherServlet 'dispatcherServlet'
2026-10-06T16:03:57.581+02:00  INFO 1564 --- [nio-8080-exec-1] o.s.web.servlet.DispatcherServlet        : Initializing Servlet 'dispatcherServlet'
2026-10-06T16:03:57.582+02:00  INFO 1564 --- [nio-8080-exec-1] o.s.web.servlet.DispatcherServlet        : Completed initialization in 1 ms
